Sending 100 requests to 3.87.56.100:30711...
Sending 100 requests to 3.88.34.232:30711...
Sending 100 requests to 3.85.91.153:30711...

Encountered 4 frontends:
frontend-6d9794d887-qzhxm
frontend-6d9794d887-hhjlf
frontend-6d9794d887-ndf85
frontend-6d9794d887-mxkzq

Encountered 6 backends:
backend-9fbbc944f-jzfqp
backend-9fbbc944f-kgn7g
backend-9fbbc944f-nqv2t
backend-9fbbc944f-8snj6
backend-9fbbc944f-2wmlj
backend-9fbbc944f-jswfk

Encountered 18 reply texts:
Hello! You are 10.233.75.6 and requested /etc/nginx/html/ from 10.233.102.130 (backend-9fbbc944f-kgn7g)
Hello! You are 10.233.102.131 and requested /etc/nginx/html/ from 10.233.102.132 (backend-9fbbc944f-2wmlj)
Hello! You are 10.233.71.4 and requested /etc/nginx/html/ from 10.233.75.3 (backend-9fbbc944f-8snj6)
Hello! You are 10.233.71.4 and requested /etc/nginx/html/ from 10.233.102.132 (backend-9fbbc944f-2wmlj)
Hello! You are 10.233.71.4 and requested /etc/nginx/html/ from 10.233.75.5 (backend-9fbbc944f-jswfk)
Hello! You are 10.233.75.4 and requested /etc/nginx/html/ from 10.233.71.3 (backend-9fbbc944f-jzfqp)
Hello! You are 10.233.71.4 and requested /etc/nginx/html/ from 10.233.71.5 (backend-9fbbc944f-nqv2t)
Hello! You are 10.233.102.131 and requested /etc/nginx/html/ from 10.233.75.3 (backend-9fbbc944f-8snj6)
Hello! You are 10.233.102.131 and requested /etc/nginx/html/ from 10.233.71.3 (backend-9fbbc944f-jzfqp)
Hello! You are 10.233.102.131 and requested /etc/nginx/html/ from 10.233.75.5 (backend-9fbbc944f-jswfk)
Hello! You are 10.233.75.6 and requested /etc/nginx/html/ from 10.233.71.5 (backend-9fbbc944f-nqv2t)
Hello! You are 10.233.71.4 and requested /etc/nginx/html/ from 10.233.102.130 (backend-9fbbc944f-kgn7g)
Hello! You are 10.233.75.4 and requested /etc/nginx/html/ from 10.233.75.3 (backend-9fbbc944f-8snj6)
Hello! You are 10.233.102.131 and requested /etc/nginx/html/ from 10.233.71.5 (backend-9fbbc944f-nqv2t)
Hello! You are 10.233.71.4 and requested /etc/nginx/html/ from 10.233.71.3 (backend-9fbbc944f-jzfqp)
Hello! You are 10.233.75.4 and requested /etc/nginx/html/ from 10.233.102.132 (backend-9fbbc944f-2wmlj)
Hello! You are 10.233.102.131 and requested /etc/nginx/html/ from 10.233.102.130 (backend-9fbbc944f-kgn7g)
Hello! You are 10.233.75.6 and requested /etc/nginx/html/ from 10.233.75.5 (backend-9fbbc944f-jswfk)

Test failure: Unexpected number of encountered replies: Expected [24, 12.0], have 18
